Starting data import...
Loaded 28 rows from /home/mahdi/CascadeProjects/ndc/backend/data/BDD_NDC_CAS_1_Ant_4G_int_gr_e_et_5G_sur_bras_15m_1785417298.xlsx
Processed 1/28 rows...
Processed 6/28 rows...
Processed 11/28 rows...
Processed 16/28 rows...
Processed 21/28 rows...
Processed 26/28 rows...
Success! 28 equipment records were imported
Loaded 26 rows from /home/mahdi/CascadeProjects/ndc/backend/data/BDD_NDC_CAS_1_Ant_4G_int_gr_e_et_5G_sur_bras_1785417228.xlsx
Processed 1/26 rows...
Processed 6/26 rows...
Processed 11/26 rows...
Processed 16/26 rows...
Processed 21/26 rows...
Processed 26/26 rows...
Success! 26 equipment records were imported
Loaded 26 rows from /home/mahdi/CascadeProjects/ndc/backend/data/BDD_NDC_CAS_1_Ant_4G_int_gr_e_et_5G_sur_bras_1785417269.xlsx
Processed 1/26 rows...
Processed 6/26 rows...
Processed 11/26 rows...
Processed 16/26 rows...
Processed 21/26 rows...
Processed 26/26 rows...
Success! 26 equipment records were imported
Loaded 26 rows from /home/mahdi/CascadeProjects/ndc/backend/data/BDD_NDC_CAS_1_Ant_4G_int_gr_e_et_5G_sur_bras_1785417287.xlsx
Processed 1/26 rows...
Processed 6/26 rows...
Processed 11/26 rows...
Processed 16/26 rows...
Processed 21/26 rows...
Processed 26/26 rows...
Success! 26 equipment records were imported
Starting download_monday_docs...
